../Drivers/STM32H7xx_HAL_Driver/Src/stm32h7xx_hal_timebase_tim_template.c:58:19:HAL_InitTick	72	static
../Drivers/STM32H7xx_HAL_Driver/Src/stm32h7xx_hal_timebase_tim_template.c:134:6:HAL_SuspendTick	4	static
../Drivers/STM32H7xx_HAL_Driver/Src/stm32h7xx_hal_timebase_tim_template.c:146:6:HAL_ResumeTick	4	static
../Drivers/STM32H7xx_HAL_Driver/Src/stm32h7xx_hal_timebase_tim_template.c:160:6:HAL_TIM_PeriodElapsedCallback	16	static
../Drivers/STM32H7xx_HAL_Driver/Src/stm32h7xx_hal_timebase_tim_template.c:173:6:TIM6_DAC_IRQHandler	8	static
